my first automation lab

jeet@jeet-VMware-Virtual-Platform:~$ ssh root@192.168.187.135
The authenticity of host '192.168.187.135 (192.168.187.135)' can't be established.
ED25519 key fingerprint is SHA256:gn2PON4apgXDDCRBa8AzHyazDrIyrl31K8xIqIryS+s.
This key is not known by any other names.
Are you sure you want to continue connecting (yes/no/[fingerprint])? yes
Warning: Permanently added '192.168.187.135' (ED25519) to the list of known hosts.
root@192.168.187.135's password: 
Welcome to Ubuntu 20.04.4 LTS (GNU/Linux 5.17.8-eve-ng-uksm-wg+ x86_64)

 * Documentation:  https://help.ubuntu.com
 * Management:     https://landscape.canonical.com
 * Support:        https://ubuntu.com/advantage

  System information as of Sat 28 Feb 2026 03:18:52 PM UTC

  System load:  0.0                 Processes:              276
  Usage of /:   26.9% of 155.82GB   Users logged in:        0
  Memory usage: 4%                  IPv4 address for pnet0: 192.168.187.135
  Swap usage:   0%

 * Ubuntu 20.04 LTS Focal Fossa has reached its end of standard support
   on 31 May 2025.

   For more details see:
   https://ubuntu.com/20-04

83 updates can be applied immediately.
To see these additional updates run: apt list --upgradable


The list of available updates is more than a week old.
To check for new updates run: sudo apt update
Ubuntu comes with ABSOLUTELY NO WARRANTY, to the extent permitted by
applicable law.


Last login: Mon Dec 29 19:07:23 2025
root@eve-ng:~# quit

Command 'quit' not found, but can be installed with:

snap install quit

root@eve-ng:~# exit
logout
Connection to 192.168.187.135 closed.
jeet@jeet-VMware-Virtual-Platform:~$ cd ~/JEET_ROY
jeet@jeet-VMware-Virtual-Platform:~/JEET_ROY$ mkdir basic-automation
jeet@jeet-VMware-Virtual-Platform:~/JEET_ROY$ cd basic-automation
jeet@jeet-VMware-Virtual-Platform:~/JEET_ROY/basic-automation$ mkdir inventory playbooks templates vars output
jeet@jeet-VMware-Virtual-Platform:~/JEET_ROY/basic-automation$ ls
inventory  output  playbooks  templates  vars
jeet@jeet-VMware-Virtual-Platform:~/JEET_ROY/basic-automation$ nano inventory/hosts.ini
